// Jest Snapshot v1, https://goo.gl/fbAQLP

exports[`it renders and matches its snapshot 1`] = `
<div
  className="coinbase-commerce-iframe-container"
>
  <iframe
    className="coinbase-commerce-iframe"
    frameBorder="no"
    onLoad={[Function]}
    scrolling="no"
    src="https://commerce.coinbase.com/embed/checkout/aaaa?origin=http%3A%2F%2Flocalhost&version=1&buttonId=undefined&cacheDisabled=undefined"
  />
</div>
`;
